<html>
<body>
<pre>
<h1>µVision Build Log</h1>
<h2>Tool Versions:</h2>
IDE-Version: µVision V5.31.0.0
Copyright (C) 2020 ARM Ltd and ARM Germany GmbH. All rights reserved.
License Information: Hamed Sargoli, Tishtar, LIC=SDA0P-M9KFM-PCYJ8-3ZA9M-4TU5Q-0E30H
 
Tool Versions:
Toolchain:       MDK-ARM Plus  Version: 5.31.0.0
Toolchain Path:  C:\Keil_v5\ARM\ARMCLANG\Bin
C Compiler:      ArmClang.exe V6.14
Assembler:       Armasm.exe V6.14
Linker/Locator:  ArmLink.exe V6.14
Library Manager: ArmAr.exe V6.14
Hex Converter:   FromElf.exe V6.14
CPU DLL:         SARMCM3.DLL V5.31.0.0
Dialog DLL:      DCM.DLL V1.17.3.0
Target DLL:      Segger\JL2CM3.dll V2.99.38.0
Dialog DLL:      TCM.DLL V1.46.0.0
 
<h2>Project:</h2>
C:\Users\User\Documents\GitHub\Example-STM32\Timer\Basic\Register\6\ex.uvprojx
Project File Date:  09/22/2023

<h2>Output:</h2>
*** Using Compiler 'V6.14', folder: 'C:\Keil_v5\ARM\ARMCLANG\Bin'
Build target 'Target 1'
main.c(15): warning: no previous extern declaration for non-static variable 'timercounter' [-Wmissing-variable-declarations]
volatile int timercounter = 0 , CounterARPE = 1;
             ^
main.c(15): note: declare 'static' if the variable is not intended to be used outside of this translation unit
volatile int timercounter = 0 , CounterARPE = 1;
         ^
main.c(15): warning: no previous extern declaration for non-static variable 'CounterARPE' [-Wmissing-variable-declarations]
volatile int timercounter = 0 , CounterARPE = 1;
                                ^
main.c(15): note: declare 'static' if the variable is not intended to be used outside of this translation unit
volatile int timercounter = 0 , CounterARPE = 1;
         ^
main.c(62): warning: implicit conversion changes signedness: 'int' to 'uint32_t' (aka 'unsigned int') [-Wsign-conversion]
                TIM6->ARR = (int)(0x4000 / CounterARPE);        //change ARR
                          ~ ^~~~~~~~~~~~~~~~~~~~~~~~~~~
main.c(86): warning: no previous prototype for function 'TIM6_DAC_IRQHandler' [-Wmissing-prototypes]
void TIM6_DAC_IRQHandler() 
     ^
main.c(86): note: declare 'static' if the function is not intended to be used outside of this translation unit
void TIM6_DAC_IRQHandler() 
^
static 
4 warnings generated.
compiling main.c...
linking...
Program Size: Code=692 RO-data=424 RW-data=4 ZI-data=1644  
".\Objects\ex1.axf" - 0 Error(s), 4 Warning(s).

<h2>Software Packages used:</h2>

Package Vendor: ARM
                http://www.keil.com/pack/ARM.CMSIS.5.9.0.pack
                ARM.CMSIS.5.9.0
                CMSIS (Common Microcontroller Software Interface Standard)
   * Component: CORE Version: 5.6.0

Package Vendor: Keil
                https://www.keil.com/pack/Keil.STM32F4xx_DFP.2.17.1.pack
                Keil.STM32F4xx_DFP.2.17.1
                STMicroelectronics STM32F4 Series Device Support, Drivers and Examples
   * Component: Startup Version: 2.6.3

<h2>Collection of Component include folders:</h2>
  .\RTE\_Target_1
  C:\Users\User\AppData\Local\Arm\Packs\ARM\CMSIS\5.9.0\CMSIS\Core\Include
  C:\Users\User\AppData\Local\Arm\Packs\Keil\STM32F4xx_DFP\2.17.1\Drivers\CMSIS\Device\ST\STM32F4xx\Include

<h2>Collection of Component Files used:</h2>

   * Component: ARM::CMSIS:CORE:5.6.0

   * Component: Keil::Device:Startup:2.6.3
      Source file:   MDK\Device\Source\ARM\STM32F4xx_OTP.s
      Source file:   MDK\Device\Source\ARM\STM32F40xxx_41xxx_OPT.s
      Include file:  Drivers\CMSIS\Device\ST\STM32F4xx\Include\stm32f4xx.h
      Source file:   Drivers\CMSIS\Device\ST\STM32F4xx\Source\Templates\arm\startup_stm32f407xx.s
      Source file:   Drivers\CMSIS\Device\ST\STM32F4xx\Source\Templates\system_stm32f4xx.c
Build Time Elapsed:  00:00:00
</pre>
</body>
</html>
